Testing exit command

Enter Command: 
$ a
b

Test Complete