Testing test output
$ ====================
$ (True)
$ ====================
$ (False)
$ ====================
$ (True)
$ ====================
$ (False)
$ ====================
$ (True)
$ ====================
$ (False)
$ ====================
$ (True)
$ ====================
$ (False)
$ ====================
$ (False)
$ ====================
$ (True)
$ 